version https://git-lfs.github.com/spec/v1
oid sha256:8185f007e824cbf192502a3d9af348ebbc4f23b65cd7520f89d35dfb573a1c48
size 566
