version https://git-lfs.github.com/spec/v1
oid sha256:78eb95ff7326b72d5b896f0869c3b124282a96cac192ab598a102394fa028eb4
size 3325
