version https://git-lfs.github.com/spec/v1
oid sha256:0f4bf89c0cc22fc9f54ef78ce025dc2b542bb91bd57280d6beb93298109d17e8
size 1024
