version https://git-lfs.github.com/spec/v1
oid sha256:02c70ae522d7b530b444bbfc23e4bbd1da9390c50cfe73683a40388a0e1887a9
size 546
