version https://git-lfs.github.com/spec/v1
oid sha256:b4ff46b64bac86f10e41600b3c1acf6758f82ed354bbbd7a0285e97c941b5c3c
size 399
