version https://git-lfs.github.com/spec/v1
oid sha256:27fc2c17dd5e7cdad316fdbd723249f8424e30c0de22fe4716c941f0c0da1c0e
size 588
