version https://git-lfs.github.com/spec/v1
oid sha256:af399c998d5d4e05fa4201b551a4803a494aad2859c73c0998e6a59f95126739
size 367
