version https://git-lfs.github.com/spec/v1
oid sha256:d2fae8cf0c5dc1a6bfd3a21571c1439710e25c212a4efcf3b19a8f1cf7b150ec
size 118
