version https://git-lfs.github.com/spec/v1
oid sha256:933add4fe8273d26a723cd912cdfd56208853a7e5d0e2493e5aaaec2e2e444ab
size 1788
