version https://git-lfs.github.com/spec/v1
oid sha256:d9973cd3963bbe95957b38a5ef715666d3842b3c5d11a49dae3f357eac080289
size 557
