version https://git-lfs.github.com/spec/v1
oid sha256:38809d427aa4da11a1f146cb41f1425902382edd95aab460cef59d2352f63a59
size 4010
