version https://git-lfs.github.com/spec/v1
oid sha256:8d6a40374341c736778c8b015614d38f0f284c37932d5580749512fe1eece371
size 1036
