version https://git-lfs.github.com/spec/v1
oid sha256:09436601faacaec21cd16ae8c75ba3f3d2f5840facc975fe091463ed2a7ba1f6
size 468
