version https://git-lfs.github.com/spec/v1
oid sha256:6e386317afc734ab083228d7baee791c33560f7153b3b4e82d8c6cac9bbd334d
size 1747
