version https://git-lfs.github.com/spec/v1
oid sha256:b61fd7cdcf93bae723cafbf331c725803c683bc57c10945edaa18005a5348994
size 1184
