version https://git-lfs.github.com/spec/v1
oid sha256:3de7ca8c9e6573c0da0647dfd1f380b70fd6a3de6d35fe184e79606471a486a4
size 409
