version https://git-lfs.github.com/spec/v1
oid sha256:39e50c44a46fc269f8f136fa2ac810a1e4ae372dd53fbbd3861c878c4e824d40
size 1740
