version https://git-lfs.github.com/spec/v1
oid sha256:1167704dec71ccba4363821e799329244be9383edb7220480fb4a8cc6a1db790
size 262
