version https://git-lfs.github.com/spec/v1
oid sha256:148fcb4dbe0eb818e3aa485505eecd8e13609c4b62eee405fbbf5066cfa5c6bb
size 602
